type (->) :: * -> * -> *
type (->) = FUN 'Many :: * -> * -> *
  	-- Defined in ‘GHC.Types’
infixr -1 ->
instance Monoid b => Monoid (a -> b) -- Defined in ‘GHC.Base’
instance Semigroup b => Semigroup (a -> b) -- Defined in ‘GHC.Base’
