
==================== Cpr signatures ====================
CaseBinderCPR.$trModule:
CaseBinderCPR.f_list_cmp:
CaseBinderCPR.g: m1


