
==================== Cpr signatures ====================
T19232.$trModule:
T19232.f:


