type (->) :: * -> * -> *
type (->) = FUN 'Many :: * -> * -> *
  	-- Defined in ‘GHC.Types’
infixr -1 ->
instance Monoid b => Monoid (a -> b) -- Defined in ‘GHC.Base’
instance Semigroup b => Semigroup (a -> b) -- Defined in ‘GHC.Base’
type (~) :: forall k. k -> k -> Constraint
class (a ~ b) => (~) a b
  	-- Defined in ‘GHC.Types’
infix 4 ~
